// Jest Snapshot v1, https://goo.gl/fbAQLP

exports[`CII should convert string values 1`] = `
"<?xml version="1.0" encoding="utf-8"?>
<rsm:CrossIndustryInvoice xmlns:xsi="http://www.w3.org/2001/XMLSchema-instance" xsi:schemaLocation="urn:un:unece:uncefact:data:standard:CrossIndustryInvoice:100 ../schema/D16B%20SCRDM%20(Subset)/uncoupled%20clm/CII/uncefact/data/standard/CrossIndustryInvoice_100pD16B.xsd" xmlns:qdt="urn:un:unece:uncefact:data:standard:QualifiedDataType:100" xmlns:udt="urn:un:unece:uncefact:data:standard:UnqualifiedDataType:100" xmlns:rsm="urn:un:unece:uncefact:data:standard:CrossIndustryInvoice:100" xmlns:ram="urn:un:unece:uncefact:data:standard:ReusableAggregateBusinessInformationEn">
	<rsm:CrossIndustryInvoice>
		<rsm:ExchangedDocumentContext>
			<ram:BusinessProcessSpecifiedDocumentContextParameter>
				<ram:ID>urn:fdc:peppol.eu:2017:poacc:billing:01:1.0</ram:ID>
			</ram:BusinessProcessSpecifiedDocumentContextParameter>
			<ram:GuidelineSpecifiedDocumentContextParameter>
				<ram:ID>urn:cen.eu:en16931:2017</ram:ID>
			</ram:GuidelineSpecifiedDocumentContextParameter>
		</rsm:ExchangedDocumentContext>
	</rsm:CrossIndustryInvoice>
</rsm:CrossIndustryInvoice>"
`;

exports[`CII should omit missing string values 1`] = `
"<?xml version="1.0" encoding="utf-8"?>
<rsm:CrossIndustryInvoice xmlns:xsi="http://www.w3.org/2001/XMLSchema-instance" xsi:schemaLocation="urn:un:unece:uncefact:data:standard:CrossIndustryInvoice:100 ../schema/D16B%20SCRDM%20(Subset)/uncoupled%20clm/CII/uncefact/data/standard/CrossIndustryInvoice_100pD16B.xsd" xmlns:qdt="urn:un:unece:uncefact:data:standard:QualifiedDataType:100" xmlns:udt="urn:un:unece:uncefact:data:standard:UnqualifiedDataType:100" xmlns:rsm="urn:un:unece:uncefact:data:standard:CrossIndustryInvoice:100" xmlns:ram="urn:un:unece:uncefact:data:standard:ReusableAggregateBusinessInformationEn">
	<rsm:CrossIndustryInvoice>
		<rsm:ExchangedDocumentContext>
			<ram:GuidelineSpecifiedDocumentContextParameter>
				<ram:ID>urn:cen.eu:en16931:2017</ram:ID>
			</ram:GuidelineSpecifiedDocumentContextParameter>
		</rsm:ExchangedDocumentContext>
	</rsm:CrossIndustryInvoice>
</rsm:CrossIndustryInvoice>"
`;
